/*
 * PostGraph
 * Copyright (C) 2023 by PostGraph
 *
 * Licensed to the Apache Software Foundation (ASF) under one
 * or more contributor license agreements.  See the NOTICE file
 * distributed with this work for additional information
 * regarding copyright ownership.  The ASF licenses this file
 * to you under the Apache License, Version 2.0 (the
 * "License"); you may not use this file except in compliance
 * with the License.  You may obtain a copy of the License at
 *
 * http://www.apache.org/licenses/LICENSE-2.0
 *
 * Unless required by applicable law or agreed to in writing,
 * software distributed under the License is distributed on an
 * "AS IS" BASIS, WITHOUT WARRANTIES OR CONDITIONS OF ANY
 * KIND, either express or implied.  See the License for the
 * specific language governing permissions and limitations
 * under the License.
 */
LOAD 'postgraph';
SET search_path TO postgraph;
--
-- Vertex
--
--Basic Vertex Creation
SELECT build_edge('1'::graphid, '2'::graphid, '3'::graphid, $$label$$, gtype_build_map());
                                build_edge                                 
---------------------------------------------------------------------------
 {"id": 1, "start_id": 3, "end_id": 3, "label": "label", "properties": {}}
(1 row)

SELECT build_edge('1'::graphid,  '2'::graphid, '3'::graphid, $$label$$, gtype_build_map('id', 2));
                                    build_edge                                    
----------------------------------------------------------------------------------
 {"id": 1, "start_id": 3, "end_id": 3, "label": "label", "properties": {"id": 2}}
(1 row)

--Null properties
SELECT build_edge('1'::graphid,  '2'::graphid, '3'::graphid, $$label_name$$, NULL);
 build_edge 
------------
 
(1 row)

SELECT build_edge('1'::graphid,  '2'::graphid, '3'::graphid, $$label$$, gtype_build_list());
 build_edge 
------------
 
(1 row)

SELECT build_edge('1'::graphid, '2'::graphid, '3'::graphid, $$label$$, gtype_build_map()) =
       build_edge('1'::graphid,  '2'::graphid, '3'::graphid, $$label$$, gtype_build_map());
 ?column? 
----------
 t
(1 row)

SELECT build_edge('1'::graphid, '2'::graphid, '3'::graphid, $$label$$, gtype_build_map()) =
       build_edge('4'::graphid,  '2'::graphid, '3'::graphid, $$label$$, gtype_build_map());
 ?column? 
----------
 f
(1 row)

SELECT build_edge('1'::graphid, '2'::graphid, '3'::graphid, $$label$$, gtype_build_map()) <>
       build_edge('1'::graphid,  '2'::graphid, '3'::graphid, $$label$$, gtype_build_map());
 ?column? 
----------
 f
(1 row)

SELECT build_edge('1'::graphid, '2'::graphid, '3'::graphid, $$label$$, gtype_build_map()) <>
       build_edge('4'::graphid,  '2'::graphid, '3'::graphid, $$label$$, gtype_build_map());
 ?column? 
----------
 t
(1 row)

-- id
SELECT id(build_edge('1'::graphid, '2'::graphid, '3'::graphid, $$label$$, gtype_build_map()));
 id 
----
 1
(1 row)

SELECT id(build_edge('1'::graphid,  '2'::graphid, '3'::graphid, $$label$$, gtype_build_map('id', 2)));
 id 
----
 1
(1 row)

-- start_id
SELECT start_id(build_edge('1'::graphid, '2'::graphid, '3'::graphid, $$label$$, gtype_build_map()));
 start_id 
----------
 2
(1 row)

SELECT start_id(build_edge('1'::graphid,  '2'::graphid, '3'::graphid, $$label$$, gtype_build_map('id', 2)));
 start_id 
----------
 2
(1 row)

-- end_id
SELECT end_id(build_edge('1'::graphid, '2'::graphid, '3'::graphid, $$label$$, gtype_build_map()));
 end_id 
--------
 3
(1 row)

SELECT end_id(build_edge('1'::graphid,  '2'::graphid, '3'::graphid, $$label$$, gtype_build_map('id', 2)));
 end_id 
--------
 3
(1 row)

-- label
SELECT label(build_edge('1'::graphid, '2'::graphid, '3'::graphid, $$label$$, gtype_build_map()));
  label  
---------
 "label"
(1 row)

SELECT label(build_edge('1'::graphid,  '2'::graphid, '3'::graphid, $$label$$, gtype_build_map('id', 2)));
  label  
---------
 "label"
(1 row)

--properties
SELECT properties(build_edge('1'::graphid, '2'::graphid, '3'::graphid, $$label$$, gtype_build_map()));
 properties 
------------
 {}
(1 row)

SELECT properties(build_edge('1'::graphid,  '2'::graphid, '3'::graphid, $$label$$, gtype_build_map('id', 2)));
 properties 
------------
 {"id": 2}
(1 row)

