/*
 * PostGraph
 * Copyright (C) 2023 by PostGraph
 *
 * Licensed to the Apache Software Foundation (ASF) under one
 * or more contributor license agreements.  See the NOTICE file
 * distributed with this work for additional information
 * regarding copyright ownership.  The ASF licenses this file
 * to you under the Apache License, Version 2.0 (the
 * "License"); you may not use this file except in compliance
 * with the License.  You may obtain a copy of the License at
 *
 * http://www.apache.org/licenses/LICENSE-2.0
 *
 * Unless required by applicable law or agreed to in writing,
 * software distributed under the License is distributed on an
 * "AS IS" BASIS, WITHOUT WARRANTIES OR CONDITIONS OF ANY
 * KIND, either express or implied.  See the License for the
 * specific language governing permissions and limitations
 * under the License.
 */
LOAD 'postgraph';
SET search_path TO postgraph;
--
-- Vertex
--
--Basic Vertex Creation
SELECT build_vertex('1'::graphid, $$label$$, gtype_build_map());
                 build_vertex                  
-----------------------------------------------
 {"id": 1, "label": "label", "properties": {}}
(1 row)

SELECT build_vertex('1'::graphid, $$label$$, gtype_build_map('id', 2));
                     build_vertex                     
------------------------------------------------------
 {"id": 1, "label": "label", "properties": {"id": 2}}
(1 row)

--Null properties
SELECT build_vertex('1'::graphid, $$label_name$$, NULL);
 build_vertex 
--------------
 
(1 row)

SELECT build_vertex('1'::graphid, $$label$$, gtype_build_list());
 build_vertex 
--------------
 
(1 row)

SELECT build_vertex('1'::graphid, $$label$$, gtype_build_map()) =
       build_vertex('1'::graphid, $$label$$, gtype_build_map());
 ?column? 
----------
 t
(1 row)

SELECT build_vertex('1'::graphid, $$label$$, gtype_build_map()) =
       build_vertex('2'::graphid, $$label$$, gtype_build_map());
 ?column? 
----------
 f
(1 row)

SELECT build_vertex('1'::graphid, $$label$$, gtype_build_map()) <>
       build_vertex('1'::graphid, $$label$$, gtype_build_map());
 ?column? 
----------
 f
(1 row)

SELECT build_vertex('1'::graphid, $$label$$, gtype_build_map()) <>
       build_vertex('2'::graphid, $$label$$, gtype_build_map());
 ?column? 
----------
 t
(1 row)

--
-- id function
--
SELECT id(build_vertex('1'::graphid, $$label$$, gtype_build_map()));
 id 
----
 1
(1 row)

SELECT id(NULL);
ERROR:  function id(unknown) is not unique
LINE 1: SELECT id(NULL);
               ^
HINT:  Could not choose a best candidate function. You might need to add explicit type casts.
--
-- label function
--
SELECT label(build_vertex('1'::graphid, $$label$$, gtype_build_map()));
  label  
---------
 "label"
(1 row)

SELECT label(NULL);
ERROR:  function label(unknown) is not unique
LINE 1: SELECT label(NULL);
               ^
HINT:  Could not choose a best candidate function. You might need to add explicit type casts.
--
-- properties function
--
SELECT properties(build_vertex('1'::graphid, $$label$$, gtype_build_map()));
 properties 
------------
 {}
(1 row)

SELECT properties(build_vertex('1'::graphid, $$label$$, gtype_build_map('id', 2)));
 properties 
------------
 {"id": 2}
(1 row)

--
-- -> operator
--
SELECT build_vertex('1'::graphid, $$label$$, gtype_build_map())->'id';
 ?column? 
----------
 
(1 row)

SELECT build_vertex('1'::graphid, $$label$$, gtype_build_map('id', 2))->'id';
 ?column? 
----------
 2
(1 row)

SELECT build_vertex('1'::graphid, $$label$$, gtype_build_map('id', 2))->'idd';
 ?column? 
----------
 
(1 row)

--
-- ->> operator
--
SELECT build_vertex('1'::graphid, $$label$$, gtype_build_map())->>'id';
 ?column? 
----------
 
(1 row)

SELECT build_vertex('1'::graphid, $$label$$, gtype_build_map('id', 2))->>'id';
 ?column? 
----------
 2
(1 row)

SELECT build_vertex('1'::graphid, $$label$$, gtype_build_map('id', 2))->>'idd';
 ?column? 
----------
 
(1 row)

--
-- @> operator
--
SELECT build_vertex('1'::graphid, $$label$$, gtype_build_map()) @> gtype_build_map();
 ?column? 
----------
 t
(1 row)

SELECT build_vertex('1'::graphid, $$label$$, gtype_build_map('id', 2)) @> gtype_build_map();
 ?column? 
----------
 t
(1 row)

SELECT build_vertex('1'::graphid, $$label$$, gtype_build_map('id', 2)) @> gtype_build_map('id', 2);
 ?column? 
----------
 t
(1 row)

SELECT build_vertex('1'::graphid, $$label$$, gtype_build_map('id', 2)) @> gtype_build_map('id', 1);
 ?column? 
----------
 f
(1 row)

--
-- <@ operator
--
SELECT gtype_build_map() <@ build_vertex('1'::graphid, $$label$$, gtype_build_map());
 ?column? 
----------
 t
(1 row)

SELECT gtype_build_map() <@ build_vertex('1'::graphid, $$label$$, gtype_build_map('id', 2));
 ?column? 
----------
 f
(1 row)

SELECT gtype_build_map('id', 2) <@ build_vertex('1'::graphid, $$label$$, gtype_build_map('id', 2));
 ?column? 
----------
 t
(1 row)

SELECT gtype_build_map('id', 1) <@ build_vertex('1'::graphid, $$label$$, gtype_build_map('id', 2));
 ?column? 
----------
 f
(1 row)

--
-- ? operator
--
SELECT build_vertex('1'::graphid, $$label$$, gtype_build_map()) ? 'id';
 ?column? 
----------
 f
(1 row)

SELECT build_vertex('1'::graphid, $$label$$, gtype_build_map('id', 2)) ? 'id';
 ?column? 
----------
 t
(1 row)

SELECT build_vertex('1'::graphid, $$label$$, gtype_build_map('id', 2)) ? 'idd';
 ?column? 
----------
 f
(1 row)

--
-- ?| operator
--
SELECT build_vertex('1'::graphid, $$label$$, gtype_build_map()) ?| array['id'];
 ?column? 
----------
 f
(1 row)

SELECT build_vertex('1'::graphid, $$label$$, gtype_build_map('id', 2)) ?| array['id'];
 ?column? 
----------
 t
(1 row)

SELECT build_vertex('1'::graphid, $$label$$, gtype_build_map('id', 2)) ?| array['idd'];
 ?column? 
----------
 f
(1 row)

--
-- ?& operator
--
SELECT build_vertex('1'::graphid, $$label$$, gtype_build_map()) ?& array['id'];
 ?column? 
----------
 f
(1 row)

SELECT build_vertex('1'::graphid, $$label$$, gtype_build_map('id', 2)) ?& array['id'];
 ?column? 
----------
 t
(1 row)

SELECT build_vertex('1'::graphid, $$label$$, gtype_build_map('id', 2)) ?& array['idd'];
 ?column? 
----------
 f
(1 row)

